XPID=17579
CLK_TCK=unknown
SURF_SCRIPT_BYTES=0
70427.82 1018
70427.92 1019
70428.04 1019
70428.15 1020
70428.26 1020
70428.38 1021
70428.48 1021
70428.60 1022
70428.71 1023
70428.82 1024
70428.94 1024
70429.04 1025
70429.17 1025
70429.27 1026
70429.38 1026
70429.49 1028
70429.60 1029
70429.71 1029
70429.83 1029
70429.94 1030
70430.05 1030
70430.16 1031
70430.28 1031
70430.38 1032
70430.49 1033
70430.61 1033
70430.72 1034
70430.83 1034
70430.94 1034
70431.06 1034
70431.16 1034
70431.27 1034
70431.38 1034
70431.50 1035
70431.61 1036
70431.73 1036
70431.83 1036
70431.95 1036
70432.05 1036
70432.17 1036
70432.27 1036
70432.38 1036
70432.49 1036
70432.60 1040
70432.72 1045
70432.83 1050
70432.94 1055
70433.06 1060
70433.16 1065
70433.27 1065
70433.37 1065
70433.49 1068
70433.60 1074
70433.71 1079
70433.82 1084
70433.93 1089
70434.05 1095
70434.15 1096
70434.26 1096
70434.37 1099
70434.49 1103
70434.59 1109
70434.70 1114
70434.83 1119
70434.93 1123
70435.03 1123
70435.14 1123
70435.25 1123
70435.36 1124
70435.47 1134
70435.59 1144
70435.69 1151
70435.79 1152
70435.90 1154
70436.02 1155
70436.12 1156
70436.23 1157
70436.34 1157
70436.45 1159
70436.57 1160
70436.68 1161
70436.79 1162
70436.91 1163
70437.01 1164
70437.11 1165
70437.23 1166
70437.34 1166
70437.45 1168
70437.56 1169
70437.66 1169
70437.77 1170
70437.89 1172
70437.99 1173
70438.10 1174
70438.22 1175
70438.32 1175
70438.43 1175
70438.53 1175
70438.64 1175
70438.75 1175
70438.85 1175
70438.97 1176
70439.07 1176
70439.18 1176
70439.28 1176
70439.39 1177
70439.50 1178
70439.61 1178
70439.73 1178
70439.83 1178
70439.94 1178
70440.05 1178
70440.16 1178
70440.26 1179
70440.37 1185
70440.48 1192
70440.59 1197
70440.70 1204
70440.81 1208
70440.92 1208
70441.03 1208
70441.14 1208
70441.24 1210
70441.35 1220
70441.46 1229
70441.57 1235
70441.68 1235
70441.78 1235
70441.89 1235
70442.00 1235
70442.11 1235
70442.22 1235
70442.33 1235
70442.44 1235
70442.55 1235
70442.66 1235
70442.76 1235
70442.88 1239
70442.98 1243
70443.10 1248
70443.21 1254
70443.33 1259
70443.43 1262
70443.55 1262
70443.65 1264
70443.76 1270
70443.87 1276
70443.99 1280
70444.10 1285
70444.20 1290
70444.31 1293
70444.42 1293
70444.54 1293
70444.65 1302
70444.75 1311
70444.86 1319
70444.98 1322
70445.08 1324
70445.19 1324
70445.30 1325
70445.41 1326
70445.53 1327
70445.63 1328
70445.73 1329
70445.84 1330
70445.95 1331
70446.06 1332
70446.17 1333
70446.27 1335
70446.38 1336
70446.49 1337
70446.60 1338
70446.71 1339
70446.82 1341
70446.93 1342
70447.04 1343
70447.15 1343
70447.25 1343
70447.35 1344
70447.46 1344
70447.57 1344
70447.68 1344
70447.79 1344
70447.89 1344
70448.00 1344
70448.11 1344
70448.22 1346
70448.33 1356
70448.44 1365
70448.56 1369
70448.67 1374
70448.77 1374
70448.88 1374
70448.99 1374
70449.11 1376
70449.21 1384
70449.32 1390
70449.44 1399
70449.55 1401
70449.66 1401
70449.76 1402
70449.87 1402
70449.98 1402
70450.09 1402
70450.20 1402
70450.30 1402
70450.41 1402
70450.52 1402
70450.63 1402
70450.74 1402
70450.85 1402
70450.96 1404
70451.08 1409
70451.19 1414
70451.29 1419
70451.41 1424
70451.52 1429
70451.63 1429
70451.75 1430
70451.85 1438
70451.96 1447
70452.06 1456
70452.17 1459
70452.28 1461
70452.39 1462
70452.50 1464
70452.61 1465
70452.72 1466
70452.83 1467
70452.94 1468
70453.05 1470
70453.15 1471
70453.26 1472
70453.37 1473
70453.48 1474
70453.58 1475
70453.69 1475
70453.80 1475
70453.91 1475
70454.02 1475
70454.12 1475
70454.24 1479
70454.34 1484
70454.45 1490
70454.56 1500
70454.68 1504
70454.79 1506
70454.89 1509
70455.00 1510
70455.12 1512
70455.23 1514
70455.34 1514
70455.45 1516
70455.56 1517
70455.67 1519
70455.77 1520
70455.88 1520
70455.99 1520
70456.10 1520
70456.20 1520
70456.31 1520
70456.43 1528
70456.54 1533
70456.64 1539
70456.75 1548
70456.87 1549
70456.98 1549
70457.09 1549
70457.19 1552
70457.30 1562
70457.41 1571
70457.53 1577
70457.63 1577
70457.73 1577
70457.84 1577
70457.95 1577
70458.05 1577
70458.16 1577
70458.27 1577
70458.38 1577
70458.48 1577
70458.59 1577
70458.70 1577
70458.81 1579
70458.92 1584
70459.03 1590
70459.14 1595
70459.26 1600
70459.37 1605
70459.47 1605
70459.58 1605
70459.69 1605
70459.80 1609
70459.90 1619
70460.01 1629
70460.12 1636
70460.23 1637
70460.33 1638
70460.45 1639
70460.55 1641
70460.66 1642
70460.77 1642
70460.88 1644
70461.00 1644
70461.10 1646
70461.21 1647
70461.31 1649
70461.43 1650
70461.53 1650
70461.64 1652
70461.75 1652
70461.85 1653
70461.97 1655
70462.08 1656
70462.18 1657
70462.29 1657
70462.39 1657
70462.50 1657
70462.61 1657
70462.72 1657
70462.83 1658
70462.94 1658
70463.04 1658
70463.15 1658
70463.26 1658
70463.37 1659
70463.47 1659
70463.58 1659
70463.69 1659
70463.80 1659
70463.90 1659
70464.02 1659
70464.12 1659
70464.23 1663
70464.34 1668
70464.45 1673
70464.58 1679
70464.69 1684
70464.79 1687
70464.90 1687
70465.01 1688
70465.14 1695
70465.24 1700
70465.36 1705
70465.46 1710
70465.58 1716
70465.69 1717
70465.79 1717
70465.90 1724
70466.01 1734
70466.12 1744
70466.24 1744
70466.34 1744
70466.44 1744
70466.55 1744
70466.66 1744
70466.78 1744
70466.88 1745
70466.99 1750
70467.10 1757
70467.21 1767
70467.31 1772
70467.43 1772
70467.53 1772
70467.63 1772
70467.74 1774
70467.85 1781
70467.96 1791
70468.07 1799
70468.19 1800
70468.29 1802
70468.40 1804
70468.51 1805
70468.62 1806
70468.73 1807
70468.84 1807
70468.96 1809
70469.08 1810
70469.18 1811
70469.28 1812
70469.39 1813
70469.50 1814
70469.61 1815
70469.71 1816
70469.81 1818
70469.92 1819
70470.03 1820
70470.15 1820
70470.25 1822
70470.36 1824
70470.47 1825
70470.57 1825
70470.68 1826
70470.79 1827
70470.90 1828
70471.01 1828
70471.12 1829
70471.22 1829
70471.33 1829
70471.44 1830
70471.55 1830
70471.66 1830
70471.76 1830
70471.88 1830
70471.98 1830
70472.08 1831
70472.19 1831
70472.30 1831
70472.41 1831
70472.51 1831
70472.62 1835
70472.73 1841
70472.84 1848
70472.96 1853
70473.08 1858
70473.18 1861
70473.29 1861
70473.39 1861
70473.51 1861
70473.61 1861
70473.73 1866
70473.84 1871
70473.96 1876
70474.06 1881
70474.19 1887
70474.29 1890
70474.40 1890
70474.50 1890
70474.62 1895
70474.72 1900
70474.84 1905
70474.94 1911
70475.06 1916
70475.17 1917
70475.27 1917
70475.38 1917
70475.50 1921
70475.60 1926
70475.72 1931
70475.85 1936
70475.95 1942
70476.06 1944
70476.16 1944
70476.28 1945
70476.38 1955
70476.49 1964
70476.60 1971
70476.73 1973
70476.83 1974
70476.94 1976
70477.04 1977
70477.15 1978
70477.26 1978
70477.37 1980
70477.48 1982
70477.58 1983
70477.69 1984
70477.81 1985
70477.91 1986
70478.02 1987
70478.13 1988
70478.23 1989
70478.34 1991
70478.45 1992
70478.56 1994
70478.67 1996
70478.78 1998
70478.88 2001
70479.00 2003
70479.10 2005
70479.22 2007
70479.32 2009
70479.44 2010
70479.54 2011
70479.64 2013
70479.75 2015
70479.86 2016
70479.97 2017
70480.09 2018
70480.19 2018
70480.29 2018
70480.40 2018
70480.51 2018
70480.62 2020
70480.72 2030
70480.84 2039
70480.94 2045
70481.05 2049
70481.16 2049
70481.27 2049
70481.39 2049
70481.49 2051
70481.59 2060
70481.70 2069
70481.81 2075
70481.92 2076
70482.03 2076
70482.14 2076
70482.24 2076
70482.36 2076
70482.46 2076
70482.57 2076
70482.67 2076
70482.78 2076
70482.89 2076
70482.99 2081
70483.10 2091
70483.21 2101
70483.32 2104
70483.43 2104
70483.53 2104
70483.64 2104
70483.76 2104
70483.86 2104
70483.97 2108
70484.09 2113
70484.19 2118
70484.30 2123
70484.42 2128
70484.52 2131
70484.62 2131
70484.73 2131
70484.84 2138
70484.96 2146
70485.06 2156
70485.17 2162
70485.28 2164
70485.39 2165
70485.51 2167
70485.61 2167
70485.72 2168
70485.82 2170
70485.94 2171
70486.04 2172
70486.15 2173
70486.26 2173
70486.37 2173
70486.47 2173
70486.58 2173
70486.69 2174
70486.80 2174
70486.90 2174
70487.01 2174
70487.12 2174
70487.22 2174
70487.33 2174
70487.45 2175
70487.56 2175
70487.67 2175
70487.77 2175
70487.88 2175
70487.99 2175
70488.10 2175
70488.20 2175
70488.31 2175
70488.41 2175
70488.52 2175
70488.64 2180
70488.76 2187
70488.86 2196
70488.97 2201
70489.09 2203
70489.19 2203
70489.29 2203
70489.41 2203
70489.51 2208
70489.62 2214
70489.72 2221
70489.83 2230
70489.94 2230
70490.05 2230
70490.15 2230
70490.26 2230
70490.38 2230
70490.48 2230
70490.59 2230
70490.70 2230
70490.80 2230
70490.91 2230
70491.02 2239
70491.13 2248
70491.24 2258
70491.34 2259
70491.45 2259
70491.56 2259
70491.67 2259
70491.78 2259
70491.89 2261
70492.00 2267
70492.11 2272
70492.21 2281
70492.32 2287
70492.43 2288
70492.53 2289
70492.65 2291
70492.75 2292
70492.86 2293
70492.97 2295
70493.08 2296
70493.18 2296
70493.30 2298
70493.40 2298
70493.51 2300
70493.62 2301
70493.74 2302
70493.84 2303
70493.95 2303
70494.06 2303
70494.16 2303
70494.27 2303
70494.38 2303
70494.49 2306
70494.59 2315
70494.70 2325
70494.81 2331
70494.92 2333
70495.02 2333
70495.13 2333
70495.24 2333
70495.34 2334
70495.46 2334
70495.56 2334
70495.67 2334
70495.78 2334
70495.89 2334
70496.00 2334
70496.11 2334
70496.21 2334
70496.32 2334
70496.43 2334
70496.54 2334
70496.64 2334
70496.76 2341
70496.86 2349
70496.98 2354
70497.09 2359
70497.20 2362
70497.31 2362
70497.41 2362
70497.52 2362
70497.63 2362
70497.74 2369
70497.85 2377
70497.95 2386
70498.06 2390
70498.17 2391
70498.28 2393
70498.38 2394
70498.49 2394
70498.60 2394
70498.71 2394
70498.82 2394
70498.92 2394
70499.04 2394
70499.15 2396
70499.25 2406
70499.37 2411
70499.48 2416
70499.58 2423
70499.69 2423
70499.80 2423
70499.91 2423
70500.01 2423
70500.12 2424
70500.23 2430
70500.34 2439
70500.44 2448
70500.56 2451
70500.66 2453
70500.77 2454
70500.88 2455
70500.99 2456
70501.10 2457
70501.21 2457
70501.32 2459
70501.43 2460
70501.54 2461
70501.64 2462
70501.75 2463
70501.86 2463
70501.98 2464
70502.08 2465
70502.20 2466
70502.30 2467
70502.41 2468
70502.52 2471
70502.63 2473
70502.75 2476
70502.85 2477
70502.96 2479
70503.06 2481
70503.18 2483
70503.30 2484
70503.40 2485
70503.50 2487
70503.61 2487
70503.72 2489
70503.83 2490
70503.94 2490
70504.04 2490
70504.16 2490
70504.26 2490
70504.37 2490
70504.48 2491
70504.59 2497
70504.71 2502
70504.81 2507
70504.93 2512
70505.03 2518
70505.14 2520
70505.25 2520
70505.36 2522
70505.47 2528
70505.59 2534
70505.70 2539
70505.81 2544
70505.92 2549
70506.02 2549
70506.13 2552
70506.24 2562
70506.35 2571
70506.46 2577
70506.56 2577
70506.67 2577
70506.78 2577
70506.89 2577
70506.99 2577
70507.10 2582
70507.21 2590
70507.32 2597
70507.44 2602
70507.55 2604
70507.65 2604
70507.76 2604
70507.87 2604
70507.97 2604
70508.09 2608
70508.19 2617
70508.31 2628
70508.41 2632
70508.52 2633
70508.62 2635
70508.74 2636
70508.85 2637
70508.95 2638
70509.06 2639
70509.17 2640
70509.28 2641
70509.39 2642
70509.50 2643
70509.61 2645
70509.72 2646
70509.82 2648
70509.93 2648
70510.04 2649
70510.15 2650
70510.26 2652
70510.36 2652
70510.47 2652
70510.57 2652
70510.69 2652
70510.80 2652
70510.90 2652
70511.00 2652
70511.11 2652
70511.22 2652
70511.33 2652
70511.44 2653
70511.55 2653
70511.65 2653
70511.76 2653
70511.87 2653
70511.97 2653
70512.08 2653
70512.19 2653
70512.30 2653
70512.41 2653
70512.52 2653
70512.62 2653
70512.73 2653
70512.84 2653
70512.96 2658
70513.08 2665
70513.19 2671
70513.31 2677
70513.42 2682
70513.52 2682
70513.63 2682
70513.74 2682
70513.85 2682
70513.96 2682
70514.06 2682
70514.17 2682
70514.28 2686
70514.40 2692
70514.51 2697
70514.61 2702
70514.73 2707
70514.83 2712
70514.94 2712
70515.06 2712
70515.16 2712
70515.27 2712
70515.37 2712
70515.49 2717
70515.60 2722
70515.71 2727
70515.82 2732
70515.94 2737
70516.04 2739
70516.15 2739
70516.26 2744
70516.37 2753
70516.49 2762
70516.59 2768
70516.70 2769
70516.81 2771
70516.92 2772
70517.02 2773
70517.13 2774
70517.24 2775
70517.35 2776
70517.45 2777
70517.56 2778
70517.68 2780
70517.78 2781
70517.89 2781
70518.00 2782
70518.11 2784
70518.22 2785
70518.32 2786
70518.43 2788
70518.55 2789
70518.65 2790
70518.76 2791
70518.87 2792
70518.98 2793
70519.08 2795
70519.19 2796
70519.30 2797
70519.41 2799
70519.52 2800
70519.63 2801
70519.73 2801
70519.84 2801
70519.95 2801
70520.05 2801
70520.16 2801
70520.27 2801
70520.37 2801
70520.48 2801
70520.60 2801
70520.70 2801
70520.80 2801
70520.91 2810
70521.02 2819
70521.14 2829
70521.25 2831
70521.36 2831
70521.47 2831
70521.57 2831
70521.69 2832
70521.80 2839
70521.92 2848
70522.02 2857
70522.13 2858
70522.24 2858
70522.35 2858
70522.45 2858
70522.56 2858
70522.67 2858
70522.78 2858
70522.88 2858
70522.99 2858
70523.10 2858
70523.21 2858
70523.33 2858
70523.43 2859
70523.53 2864
70523.66 2870
70523.76 2874
70523.87 2879
70523.98 2885
70524.09 2886
70524.20 2886
70524.32 2886
70524.42 2890
70524.54 2896
70524.64 2901
70524.75 2906
70524.87 2912
70524.97 2916
70525.08 2916
70525.19 2916
70525.30 2920
70525.41 2929
70525.51 2939
70525.62 2944
70525.73 2946
70525.84 2947
70525.95 2947
70526.06 2948
70526.17 2949
70526.27 2951
70526.39 2952
70526.49 2953
70526.60 2955
70526.71 2958
70526.82 2960
70526.93 2961
70527.04 2964
70527.14 2966
70527.26 2969
70527.36 2970
70527.47 2971
70527.58 2973
70527.70 2975
70527.80 2976
70527.91 2978
70528.02 2979
70528.13 2980
70528.24 2982
70528.35 2982
70528.45 2983
70528.56 2983
70528.67 2983
70528.78 2983
70528.88 2983
70528.99 2983
70529.10 2985
70529.22 2992
70529.32 2996
70529.43 3005
70529.54 3012
70529.66 3013
70529.76 3013
70529.86 3013
70529.97 3013
70530.08 3016
70530.19 3026
70530.30 3034
70530.41 3041
70530.51 3042
70530.62 3043
70530.73 3044
70530.85 3045
70530.95 3045
70531.06 3045
70531.17 3045
70531.27 3045
70531.39 3047
70531.51 3052
70531.61 3057
70531.73 3062
70531.83 3071
70531.94 3073
70532.05 3073
70532.15 3073
70532.26 3073
70532.37 3073
70532.48 3077
70532.59 3086
70532.69 3096
70532.81 3101
70532.91 3103
70533.03 3105
70533.13 3105
70533.24 3106
70533.35 3108
70533.46 3109
70533.58 3109
70533.68 3110
70533.78 3111
70533.90 3112
70534.01 3113
70534.11 3114
70534.22 3116
70534.33 3116
70534.44 3116
70534.55 3116
70534.65 3116
70534.76 3116
70534.87 3116
70534.98 3118
70535.10 3123
70535.20 3128
70535.33 3134
70535.43 3139
70535.54 3143
70535.65 3144
70535.76 3153
70535.86 3160
70535.98 3170
70536.09 3175
70536.19 3175
70536.30 3175
70536.41 3175
70536.52 3175
70536.63 3175
70536.74 3175
70536.84 3175
70536.95 3182
70537.06 3190
70537.17 3198
70537.29 3203
70537.39 3203
70537.50 3203
70537.61 3203
70537.71 3203
70537.82 3204
70537.95 3212
70538.05 3220
70538.16 3229
70538.27 3229
70538.37 3229
70538.48 3229
70538.58 3229
70538.70 3229
70538.81 3229
70538.91 3229
70539.02 3229
70539.12 3229
70539.23 3229
70539.34 3233
70539.45 3242
70539.56 3247
70539.67 3252
70539.78 3257
70539.89 3257
70539.99 3257
70540.11 3257
70540.21 3260
70540.32 3270
70540.44 3279
70540.54 3286
70540.65 3287
70540.77 3289
70540.87 3290
70540.97 3291
70541.08 3292
70541.19 3292
70541.30 3293
70541.41 3293
70541.52 3295
70541.64 3296
70541.74 3298
70541.84 3299
70541.96 3300
70542.06 3301
70542.17 3302
70542.28 3303
70542.39 3304
70542.49 3306
70542.61 3307
70542.71 3308
70542.82 3310
70542.93 3311
70543.04 3312
70543.15 3313
70543.26 3315
70543.37 3316
70543.48 3316
70543.59 3316
70543.69 3316
70543.80 3316
70543.91 3316
70544.02 3316
70544.12 3316
70544.23 3316
70544.33 3316
70544.44 3316
70544.56 3316
70544.66 3316
70544.78 3316
70544.88 3316
70544.99 3320
70545.09 3324
70545.20 3330
70545.33 3335
70545.43 3340
70545.54 3345
70545.65 3345
70545.77 3345
70545.88 3351
70545.99 3356
70546.10 3361
70546.21 3366
70546.32 3371
70546.43 3374
70546.54 3374
70546.65 3383
70546.76 3390
70546.87 3395
70546.99 3401
70547.09 3401
70547.20 3401
70547.32 3401
70547.42 3401
70547.52 3401
70547.63 3406
70547.75 3412
70547.85 3419
70547.96 3428
70548.07 3430
70548.18 3430
70548.29 3430
70548.39 3430
70548.51 3430
70548.61 3436
70548.72 3446
70548.83 3455
70548.95 3458
70549.05 3459
70549.15 3460
70549.27 3462
70549.37 3463
70549.48 3464
70549.58 3465
70549.69 3466
70549.80 3467
70549.91 3468
70550.02 3470
70550.13 3472
70550.23 3472
70550.35 3475
70550.45 3478
70550.56 3479
70550.67 3481
70550.77 3483
70550.89 3486
70551.00 3487
70551.11 3489
70551.22 3491
70551.33 3493
70551.44 3494
70551.55 3496
70551.66 3498
70551.77 3500
70551.87 3500
70551.98 3502
70552.09 3503
70552.20 3504
70552.31 3505
70552.41 3506
70552.52 3507
70552.63 3507
70552.74 3508
70552.84 3508
70552.96 3508
70553.06 3508
70553.16 3508
70553.27 3508
70553.38 3517
70553.50 3523
70553.60 3533
70553.71 3537
70553.82 3537
70553.92 3537
70554.04 3537
70554.14 3537
70554.25 3541
70554.37 3547
70554.48 3551
70554.60 3556
70554.71 3563
70554.81 3564
70554.92 3564
70555.02 3564
70555.13 3564
70555.24 3564
70555.35 3565
70555.47 3574
70555.58 3583
70555.69 3588
70555.79 3592
70555.90 3593
70556.01 3593
70556.12 3593
70556.23 3593
70556.34 3593
70556.45 3602
70556.56 3612
70556.67 3620
70556.78 3623
70556.88 3624
70556.99 3625
70557.10 3626
70557.21 3627
70557.33 3628
70557.43 3629
70557.53 3630
70557.64 3631
70557.75 3633
70557.86 3633
70557.96 3635
70558.07 3635
70558.18 3637
70558.28 3637
70558.39 3637
70558.50 3637
