XPID=17786
CLK_TCK=unknown
SURF_SCRIPT_BYTES=5760
70626.50 1100
70626.60 1100
70626.71 1100
70626.83 1103
70626.93 1108
70627.05 1113
70627.16 1118
70627.28 1123
70627.39 1128
70627.49 1129
70627.61 1129
70627.71 1133
70627.82 1142
70627.94 1152
70628.05 1156
70628.15 1157
70628.26 1158
70628.37 1160
70628.48 1161
70628.59 1162
70628.70 1163
70628.81 1165
70628.92 1166
70629.04 1167
70629.14 1168
70629.26 1169
70629.36 1170
70629.46 1171
70629.58 1173
70629.69 1174
70629.79 1175
70629.90 1175
70630.02 1176
70630.12 1176
70630.24 1178
70630.35 1179
70630.47 1180
70630.58 1181
70630.69 1183
70630.79 1184
70630.90 1184
70631.01 1185
70631.14 1188
70631.24 1190
70631.35 1191
70631.46 1192
70631.57 1193
70631.68 1194
70631.79 1194
70631.90 1194
70632.00 1194
70632.11 1195
70632.22 1195
70632.33 1196
70632.43 1196
70632.54 1196
70632.66 1196
70632.76 1196
70632.87 1196
70632.99 1196
70633.09 1200
70633.20 1205
70633.31 1210
70633.42 1216
70633.54 1221
70633.65 1226
70633.75 1226
70633.86 1226
70633.98 1228
70634.10 1233
70634.21 1238
70634.31 1243
70634.43 1248
70634.54 1254
70634.65 1255
70634.75 1255
70634.86 1255
70634.98 1260
70635.09 1265
70635.21 1270
70635.31 1275
70635.43 1280
70635.53 1281
70635.64 1281
70635.75 1281
70635.87 1285
70635.98 1290
70636.09 1295
70636.20 1300
70636.31 1306
70636.42 1309
70636.53 1309
70636.65 1309
70636.75 1313
70636.87 1322
70636.97 1332
70637.08 1337
70637.19 1338
70637.30 1340
70637.41 1340
70637.52 1341
70637.63 1342
70637.74 1343
70637.85 1344
70637.95 1345
70638.07 1347
70638.18 1348
70638.29 1349
70638.40 1350
70638.51 1351
70638.62 1352
70638.73 1353
70638.84 1354
70638.95 1355
70639.06 1356
70639.17 1357
70639.28 1357
70639.39 1357
70639.50 1358
70639.60 1358
70639.71 1358
70639.82 1358
70639.93 1358
70640.03 1358
70640.14 1358
70640.25 1358
70640.35 1360
70640.47 1360
70640.57 1360
70640.68 1360
70640.79 1360
70640.90 1360
70641.02 1362
70641.12 1367
70641.23 1374
70641.34 1383
70641.46 1389
70641.56 1389
70641.67 1389
70641.78 1389
70641.89 1389
70642.00 1398
70642.11 1407
70642.21 1416
70642.32 1416
70642.43 1416
70642.54 1416
70642.65 1416
70642.77 1416
70642.87 1416
70642.99 1416
70643.09 1416
70643.20 1416
70643.30 1416
70643.41 1425
70643.52 1433
70643.63 1442
70643.74 1443
70643.85 1443
70643.96 1443
70644.07 1443
70644.18 1443
70644.29 1448
70644.40 1453
70644.52 1458
70644.62 1463
70644.74 1468
70644.86 1470
70644.96 1470
70645.08 1470
70645.19 1478
70645.29 1487
70645.40 1497
70645.51 1501
70645.62 1502
70645.73 1503
70645.84 1504
70645.95 1505
70646.06 1506
70646.17 1507
70646.28 1508
70646.40 1509
70646.50 1510
70646.61 1511
70646.72 1511
70646.83 1513
70646.94 1515
70647.05 1516
70647.16 1517
70647.27 1517
70647.38 1519
70647.48 1519
70647.59 1519
70647.70 1519
70647.81 1519
70647.91 1519
70648.02 1519
70648.13 1519
70648.24 1519
70648.35 1520
70648.45 1520
70648.56 1520
70648.67 1520
70648.78 1520
70648.89 1520
70649.00 1526
70649.11 1531
70649.23 1536
70649.34 1542
70649.46 1547
70649.57 1549
70649.67 1549
70649.80 1553
70649.90 1563
70650.01 1570
70650.12 1579
70650.22 1579
70650.34 1579
70650.44 1579
70650.55 1579
70650.66 1580
70650.77 1580
70650.88 1580
70650.99 1580
70651.09 1580
70651.21 1580
70651.31 1580
70651.43 1580
70651.54 1586
70651.65 1592
70651.77 1598
70651.87 1602
70651.98 1607
70652.09 1607
70652.20 1607
70652.31 1607
70652.42 1607
70652.54 1615
70652.64 1623
70652.74 1633
70652.86 1635
70652.97 1637
70653.08 1638
70653.19 1640
70653.30 1641
70653.41 1643
70653.53 1644
70653.63 1644
70653.73 1646
70653.84 1646
70653.97 1647
70654.07 1648
70654.17 1650
70654.29 1650
70654.39 1650
70654.50 1650
70654.61 1650
70654.72 1650
70654.83 1650
70654.94 1651
70655.05 1656
70655.16 1662
70655.27 1666
70655.38 1672
70655.50 1678
70655.60 1678
70655.72 1682
70655.82 1691
70655.93 1701
70656.04 1705
70656.15 1707
70656.26 1708
70656.37 1710
70656.48 1710
70656.59 1710
70656.70 1710
70656.80 1710
70656.91 1710
70657.03 1712
70657.15 1717
70657.26 1725
70657.36 1734
70657.47 1738
70657.58 1738
70657.69 1738
70657.80 1738
70657.91 1745
70658.01 1754
70658.12 1764
70658.23 1765
70658.34 1765
70658.45 1765
70658.55 1765
70658.66 1765
70658.77 1765
70658.89 1765
70658.99 1765
70659.09 1765
70659.21 1765
70659.31 1766
70659.42 1775
70659.53 1784
70659.64 1793
70659.75 1793
70659.86 1793
70659.97 1793
70660.08 1793
70660.19 1793
70660.30 1796
70660.40 1805
70660.51 1814
70660.63 1820
70660.73 1822
70660.84 1823
70660.95 1824
70661.07 1825
70661.17 1827
70661.28 1828
70661.39 1829
70661.50 1830
70661.61 1831
70661.72 1832
70661.83 1834
70661.94 1835
70662.05 1836
70662.16 1837
70662.27 1838
70662.38 1838
70662.49 1839
70662.60 1841
70662.71 1842
70662.82 1843
70662.93 1844
70663.04 1845
70663.16 1846
70663.26 1847
70663.37 1847
70663.47 1847
70663.59 1847
70663.69 1847
70663.80 1847
70663.92 1847
70664.03 1847
70664.14 1847
70664.24 1847
70664.35 1847
70664.46 1847
70664.57 1847
70664.68 1847
70664.78 1847
70664.90 1849
70665.01 1853
70665.12 1858
70665.23 1864
70665.34 1869
70665.45 1874
70665.57 1876
70665.68 1876
70665.80 1876
70665.90 1880
70666.01 1885
70666.12 1891
70666.24 1897
70666.36 1902
70666.46 1905
70666.57 1905
70666.68 1905
70666.79 1911
70666.91 1916
70667.02 1924
70667.12 1932
70667.24 1933
70667.35 1933
70667.46 1933
70667.56 1933
70667.68 1934
70667.80 1939
70667.90 1945
70668.02 1952
70668.13 1960
70668.24 1961
70668.34 1961
70668.45 1961
70668.56 1961
70668.67 1967
70668.78 1976
70668.89 1986
70669.00 1988
70669.11 1990
70669.22 1991
70669.33 1992
70669.44 1993
70669.55 1994
70669.66 1995
70669.76 1996
70669.88 1996
70669.99 1997
70670.09 1999
70670.20 2000
70670.31 2001
70670.42 2002
70670.53 2003
70670.64 2004
70670.75 2005
70670.85 2006
70670.96 2007
70671.07 2008
70671.18 2009
70671.29 2010
70671.40 2012
70671.51 2013
70671.61 2014
70671.72 2014
70671.82 2014
70671.93 2015
70672.04 2015
70672.15 2015
70672.26 2015
70672.37 2016
70672.48 2016
70672.58 2016
70672.70 2016
70672.81 2016
70672.92 2016
70673.03 2016
70673.14 2016
70673.24 2016
70673.35 2023
70673.47 2033
70673.57 2043
70673.68 2046
70673.79 2046
70673.90 2046
70674.01 2046
70674.12 2046
70674.23 2046
70674.34 2049
70674.45 2054
70674.56 2059
70674.67 2065
70674.80 2071
70674.90 2073
70675.02 2073
70675.12 2073
70675.23 2073
70675.34 2073
70675.44 2073
70675.55 2082
70675.66 2091
70675.78 2097
70675.88 2100
70675.99 2100
70676.11 2100
70676.21 2100
70676.31 2100
70676.42 2102
70676.53 2113
70676.64 2119
70676.77 2127
70676.87 2129
70676.98 2131
70677.10 2132
70677.21 2133
70677.32 2134
70677.42 2135
70677.54 2136
70677.64 2137
70677.75 2138
70677.87 2139
70677.97 2141
70678.08 2142
70678.18 2143
70678.30 2143
70678.40 2145
70678.52 2146
70678.62 2147
70678.73 2148
70678.84 2149
70678.95 2150
70679.05 2151
70679.16 2152
70679.27 2153
70679.39 2155
70679.50 2157
70679.61 2159
70679.72 2160
70679.82 2162
70679.93 2163
70680.05 2164
70680.15 2164
70680.26 2165
70680.38 2166
70680.48 2168
70680.59 2168
70680.69 2169
70680.81 2169
70680.91 2169
70681.02 2169
70681.14 2169
70681.24 2169
70681.34 2178
70681.45 2187
70681.57 2197
70681.68 2198
70681.80 2199
70681.90 2199
70682.00 2199
70682.11 2199
70682.22 2201
70682.33 2211
70682.45 2220
70682.55 2226
70682.66 2227
70682.77 2227
70682.87 2227
70682.98 2227
70683.09 2227
70683.20 2227
70683.31 2229
70683.42 2239
70683.53 2248
70683.64 2253
70683.74 2254
70683.85 2254
70683.96 2254
70684.08 2254
70684.18 2254
70684.30 2255
70684.42 2261
70684.52 2265
70684.63 2270
70684.75 2276
70684.86 2280
70684.96 2280
70685.07 2280
70685.18 2281
70685.30 2285
70685.40 2296
70685.51 2305
70685.62 2312
70685.73 2313
70685.84 2314
70685.94 2315
70686.05 2317
70686.17 2317
70686.27 2318
70686.38 2319
70686.49 2320
70686.61 2321
70686.72 2322
70686.83 2323
70686.94 2324
70687.06 2325
70687.16 2326
70687.27 2327
70687.37 2327
70687.48 2327
70687.59 2327
70687.69 2327
70687.81 2327
70687.92 2327
70688.02 2327
70688.14 2327
70688.24 2328
70688.36 2329
70688.47 2329
70688.58 2329
70688.68 2329
70688.78 2329
70688.89 2329
70689.00 2329
70689.11 2329
70689.22 2329
70689.33 2332
70689.45 2342
70689.55 2350
70689.66 2358
70689.77 2359
70689.88 2359
70689.99 2359
70690.11 2359
70690.21 2362
70690.32 2372
70690.42 2381
70690.53 2386
70690.64 2386
70690.75 2386
70690.86 2386
70690.97 2386
70691.08 2386
70691.19 2386
70691.29 2386
70691.41 2393
70691.51 2402
70691.62 2410
70691.74 2414
70691.84 2414
70691.95 2414
70692.06 2414
70692.16 2414
70692.28 2420
70692.38 2429
70692.50 2439
70692.60 2440
70692.71 2442
70692.81 2443
70692.92 2445
70693.04 2446
70693.15 2447
70693.25 2448
70693.36 2448
70693.47 2449
70693.58 2451
70693.69 2452
70693.81 2453
70693.91 2454
70694.02 2455
70694.13 2456
70694.23 2457
70694.35 2458
70694.46 2459
70694.57 2459
70694.67 2459
70694.79 2459
70694.89 2459
70695.01 2460
70695.12 2468
70695.23 2476
70695.33 2486
70695.44 2487
70695.55 2487
70695.66 2487
70695.76 2487
70695.88 2487
70695.98 2488
70696.09 2488
70696.20 2488
70696.31 2489
70696.42 2489
70696.53 2489
70696.63 2489
70696.74 2489
70696.85 2489
70696.96 2489
70697.08 2489
70697.18 2489
70697.28 2489
70697.39 2491
70697.51 2501
70697.61 2509
70697.73 2517
70697.83 2517
70697.94 2517
70698.05 2517
70698.16 2517
70698.26 2517
70698.38 2524
70698.48 2533
70698.59 2543
70698.70 2545
70698.82 2546
70698.92 2546
70699.03 2546
70699.13 2546
70699.25 2546
70699.35 2546
70699.46 2546
70699.57 2555
70699.68 2564
70699.80 2570
70699.90 2573
70700.02 2574
70700.14 2574
70700.24 2574
70700.34 2574
70700.46 2575
70700.57 2581
70700.68 2589
70700.78 2599
70700.89 2602
70701.00 2603
70701.12 2604
70701.23 2605
70701.34 2606
70701.45 2608
70701.55 2609
70701.66 2610
70701.78 2610
70701.89 2611
70702.00 2612
70702.11 2613
70702.21 2613
70702.32 2614
70702.44 2616
70702.56 2617
70702.66 2618
70702.77 2619
70702.87 2620
70702.98 2621
70703.09 2623
70703.21 2624
70703.32 2625
70703.43 2627
70703.54 2629
70703.65 2631
70703.76 2632
70703.87 2633
70703.98 2634
70704.09 2635
70704.20 2636
70704.31 2637
70704.42 2639
70704.53 2639
70704.64 2639
70704.75 2639
70704.85 2639
70704.97 2639
70705.07 2639
70705.20 2644
70705.30 2649
70705.40 2654
70705.53 2661
70705.65 2666
70705.75 2668
70705.86 2668
70705.98 2673
70706.09 2679
70706.19 2684
70706.30 2689
70706.43 2694
70706.54 2697
70706.64 2697
70706.75 2697
70706.86 2702
70706.97 2708
70707.08 2717
70707.19 2725
70707.30 2725
70707.41 2725
70707.51 2725
70707.62 2725
70707.73 2730
70707.85 2735
70707.95 2739
70708.08 2746
70708.19 2751
70708.29 2752
70708.41 2752
70708.51 2752
70708.62 2757
70708.74 2767
70708.84 2776
70708.95 2779
70709.06 2781
70709.17 2782
70709.29 2783
70709.39 2784
70709.50 2786
70709.61 2786
70709.72 2788
70709.83 2789
70709.94 2790
70710.05 2791
70710.16 2792
70710.27 2793
70710.38 2794
70710.49 2796
70710.60 2797
70710.71 2798
70710.82 2798
70710.93 2800
70711.04 2801
70711.15 2803
70711.25 2803
70711.36 2803
70711.47 2803
70711.58 2803
70711.68 2803
70711.79 2803
70711.90 2803
70712.01 2803
70712.12 2803
70712.23 2803
70712.33 2804
70712.44 2804
70712.55 2804
70712.66 2804
70712.77 2804
70712.87 2804
70712.98 2804
70713.09 2804
70713.20 2804
70713.30 2804
70713.42 2804
70713.52 2812
70713.63 2821
70713.75 2830
70713.85 2833
70713.96 2833
70714.08 2833
70714.18 2833
70714.29 2835
70714.39 2844
70714.51 2850
70714.62 2854
70714.74 2860
70714.84 2863
70714.95 2863
70715.06 2863
70715.18 2863
70715.28 2865
70715.39 2870
70715.51 2875
70715.63 2880
70715.74 2885
70715.85 2889
70715.95 2889
70716.07 2889
70716.17 2891
70716.30 2897
70716.40 2903
70716.51 2907
70716.63 2913
70716.74 2917
70716.84 2917
70716.96 2919
70717.07 2929
70717.19 2938
70717.29 2945
70717.40 2946
70717.51 2947
70717.62 2948
70717.72 2950
70717.84 2951
70717.95 2952
70718.06 2953
70718.17 2954
70718.28 2955
70718.39 2956
70718.51 2957
70718.61 2958
70718.72 2960
70718.83 2961
70718.94 2962
70719.05 2963
70719.15 2963
70719.26 2965
70719.37 2966
70719.48 2967
70719.59 2969
70719.70 2970
70719.81 2971
70719.92 2972
70720.03 2974
70720.14 2975
70720.25 2976
70720.36 2977
70720.47 2977
70720.57 2977
70720.68 2977
70720.79 2977
70720.90 2977
70721.02 2978
70721.12 2978
70721.22 2978
70721.33 2978
70721.44 2978
70721.55 2983
70721.66 2992
70721.78 3000
70721.88 3005
70722.01 3007
70722.11 3007
70722.21 3007
70722.32 3007
70722.43 3010
70722.54 3020
70722.66 3031
70722.76 3033
70722.87 3033
70722.98 3033
70723.09 3033
70723.20 3033
70723.31 3033
70723.41 3033
70723.52 3033
70723.63 3033
70723.74 3033
70723.86 3037
70723.96 3046
70724.07 3052
70724.18 3057
70724.29 3061
70724.40 3061
70724.51 3061
70724.62 3061
70724.73 3061
70724.83 3063
70724.95 3069
70725.06 3074
70725.17 3078
70725.28 3083
70725.39 3088
70725.50 3088
70725.60 3088
70725.71 3092
70725.82 3101
70725.94 3111
70726.04 3118
70726.16 3120
70726.27 3121
70726.39 3122
70726.49 3123
70726.60 3124
70726.70 3125
70726.82 3126
70726.93 3126
70727.03 3127
70727.14 3128
70727.25 3130
70727.36 3132
70727.48 3135
70727.59 3137
70727.69 3138
70727.80 3140
70727.92 3142
70728.02 3143
70728.13 3144
70728.25 3146
70728.36 3146
70728.47 3148
70728.58 3149
70728.69 3150
70728.79 3151
70728.90 3152
70729.02 3152
70729.13 3153
70729.25 3154
70729.35 3154
70729.47 3154
70729.59 3154
70729.69 3154
70729.80 3154
70729.92 3154
70730.03 3154
70730.13 3154
70730.25 3154
70730.36 3154
70730.48 3154
70730.59 3157
70730.72 3161
70730.82 3165
70730.94 3168
70731.05 3172
70731.18 3175
70731.29 3179
70731.41 3183
70731.52 3183
70731.63 3183
70731.74 3183
70731.85 3183
70731.97 3183
70732.10 3185
70732.22 3188
70732.34 3192
70732.46 3196
70732.57 3199
70732.71 3203
70732.81 3207
70732.93 3211
70733.04 3213
70733.16 3213
70733.26 3213
70733.38 3213
70733.50 3213
70733.60 3214
70733.72 3218
70733.83 3222
70733.95 3226
70734.06 3231
70734.20 3237
70734.30 3241
70734.41 3241
70734.52 3241
70734.63 3245
70734.75 3249
70734.86 3255
70734.96 3260
70735.08 3266
70735.18 3269
70735.29 3269
70735.40 3269
70735.51 3269
70735.62 3271
70735.73 3281
70735.83 3289
70735.95 3297
70736.06 3299
70736.17 3300
70736.28 3301
70736.39 3302
70736.50 3302
70736.61 3303
70736.72 3303
70736.82 3303
70736.94 3303
70737.05 3303
70737.16 3303
70737.27 3303
70737.37 3303
70737.49 3303
70737.59 3303
70737.70 3303
70737.81 3312
70737.92 3321
70738.03 3330
70738.14 3330
70738.26 3330
70738.36 3330
70738.48 3330
70738.58 3330
70738.68 3330
70738.80 3330
70738.90 3339
70739.01 3349
70739.12 3358
70739.23 3358
70739.34 3358
70739.44 3358
70739.56 3358
70739.66 3359
70739.77 3359
70739.88 3359
70740.00 3359
70740.10 3359
70740.20 3359
70740.31 3359
70740.42 3364
70740.53 3373
70740.64 3383
70740.75 3386
70740.86 3388
70740.98 3389
70741.08 3391
70741.19 3391
70741.31 3393
70741.41 3393
70741.51 3393
70741.62 3393
70741.73 3393
70741.84 3393
70741.95 3398
70742.06 3407
70742.17 3417
70742.28 3421
70742.39 3423
70742.50 3423
70742.60 3424
70742.72 3425
70742.82 3426
70742.95 3427
70743.05 3428
70743.16 3429
70743.26 3430
70743.38 3432
70743.49 3433
70743.59 3435
70743.70 3436
70743.81 3437
70743.92 3438
70744.03 3439
70744.14 3441
70744.24 3442
70744.36 3443
70744.47 3443
70744.58 3443
70744.69 3443
70744.80 3443
70744.92 3443
70745.02 3443
70745.12 3443
70745.23 3443
70745.35 3445
70745.47 3450
70745.58 3455
70745.68 3460
70745.80 3465
70745.91 3470
70746.01 3471
70746.12 3476
70746.23 3484
70746.34 3488
70746.45 3494
70746.56 3500
70746.67 3500
70746.79 3500
70746.89 3500
70747.00 3505
70747.12 3514
70747.22 3523
70747.33 3528
70747.44 3528
70747.54 3528
70747.65 3528
70747.76 3528
70747.87 3528
70747.97 3528
70748.09 3528
70748.19 3528
70748.30 3528
70748.42 3528
70748.52 3532
70748.63 3541
70748.74 3549
70748.85 3556
70748.96 3558
70749.07 3559
70749.18 3561
70749.29 3562
70749.40 3562
70749.51 3562
70749.61 3562
70749.73 3562
70749.83 3562
70749.94 3562
70750.05 3567
70750.16 3576
70750.28 3586
70750.38 3591
70750.49 3592
70750.59 3593
70750.71 3594
70750.81 3595
70750.92 3596
70751.03 3597
70751.14 3599
70751.25 3601
70751.36 3604
70751.47 3605
70751.59 3607
70751.69 3609
70751.82 3610
70751.92 3612
70752.04 3614
70752.14 3615
70752.24 3617
70752.35 3618
70752.46 3621
70752.58 3622
70752.68 3623
70752.79 3624
70752.90 3626
70753.02 3627
70753.12 3628
70753.23 3629
70753.34 3629
70753.45 3629
70753.56 3629
70753.67 3629
70753.78 3630
70753.90 3640
70754.00 3650
70754.10 3658
70754.21 3660
70754.32 3660
70754.43 3660
70754.54 3660
70754.65 3660
70754.76 3661
70754.87 3666
70754.99 3671
70755.10 3676
70755.21 3681
70755.32 3686
70755.44 3687
70755.55 3687
70755.66 3688
70755.77 3697
70755.88 3702
70755.99 3708
70756.10 3717
70756.21 3717
70756.33 3717
70756.43 3717
70756.54 3717
70756.66 3719
70756.76 3730
70756.87 3739
70756.98 3745
70757.09 3746
70757.20 3747
70757.30 3748
70757.41 3749
70757.52 3749
70757.63 3749
70757.74 3749
70757.85 3749
70757.95 3749
70758.07 3756
70758.17 3765
